[backblue.gif]
[fade.gif]
[index.html]
[cdnjs.cloudflare.com/ajax/libs/materialize/1.0.0/css/materialize.min.css]
[code.jquery.com/jquery-3.2.1.min.js]
[cdn.jsdelivr.net/gh/kenwheeler/slick@1.8.1/slick/slick.css]
[cdnjs.cloudflare.com/ajax/libs/Chart.js/2.1.4/Chart.min.js]
[track.affiliate-b.com/or/kw1961.js]
[rennai-ouen.com/uploads/fix-image/logo2.png]
[rennai-ouen.com/uploads/fix-image/kansei_a.jpg]
[rennai-ouen.com/uploads/fix-image/kansei_b.jpg]
[rennai-ouen.com/uploads/fix-image/kansei_c.jpg]
[rennai-ouen.com/uploads/fix-image/kansei_d.jpg]
[rennai-ouen.com/uploads/site-image/pcmax.png]
[rennai-ouen.com/uploads/site-image/happymail.gif]
[rennai-ouen.com/uploads/site-image/jmail.png]
[rennai-ouen.com/uploads/site-image/wakuwakumail.png]
[rennai-ouen.com/uploads/site-image/yyc.jpg]
[rennai-ouen.com/uploads/site-image/digicafe.gif]
[rennai-ouen.com/uploads/post/hinnyujukujo1.png]
[rennai-ouen.com/uploads/post/hinnyujukujo2.png]
[rennai-ouen.com/uploads/post/hinnyujukujo3.png]
[rennai-ouen.com/uploads/post/biyoushi3.jpg]
[rennai-ouen.com/uploads/post/hinnyujukujo6.png]
[rennai-ouen.com/uploads/post/pcmax.png]
[rennai-ouen.com/uploads/post/pcmaxkakunin.jpg]
[rennai-ouen.com/uploads/post/start_pcmax.png]
[rennai-ouen.com/uploads/post/pcmaxtsukaihoudai.png]
[cdn.jsdelivr.net/gh/kenwheeler/slick@1.8.1/slick/slick.min.js]
[rennai-ouen.com/index.html]
[www.googletagmanager.com/gtm5445.html]
[cdnjs.cloudflare.com/ajax/libs/materialize/1.0.0/css/materialize.min.css]
[cdnjs.cloudflare.com/ajax/libs/materialize/1.0.0/js/materialize.min.js]
[rennai-ouen.com/uploads/fix-image/medaru.png]
[rennai-ouen.com/css/style.css]
[cdn.jsdelivr.net/gh/kenwheeler/slick@1.8.1/slick/slick.css]
[rennai-ouen.com/sass.html]
[rennai-ouen.com/badges.html]
[rennai-ouen.com/collapsible.html]
[rennai-ouen.com/app/pcmax/index.html]
[rennai-ouen.com/app/happymail/index.html]
[rennai-ouen.com/app/jmail/index.html]
[rennai-ouen.com/app/wakuwakumail/index.html]
[rennai-ouen.com/app/yyc/index.html]
[rennai-ouen.com/app/digicafe/index.html]
[rennai-ouen.com/uploads/post/新人-279x300.png]
[rennai-ouen.com/uploads/post/30b3bd8fe0447e7c035ac0934c01d6ea-184x300.png]
[rennai-ouen.com/uploads/post/aa899a8a182299daf25f18f564792813-216x300.png]
[rennai-ouen.com/app/jmail.html]
[rennai-ouen.com/official/pcmax/index.html]
[rennai-ouen.com/uploads/site-image/194964.jpg]
[rennai-ouen.com/uploads/site-image/merupara.gif]
[rennai-ouen.com/uploads/site-image/pairs.png]
[rennai-ouen.com/uploads/site-image/marrish.jpg]
[rennai-ouen.com/uploads/site-image/asobo.jpg]
[rennai-ouen.com/uploads/site-image/partners.gif]
[rennai-ouen.com/uploads/site-image/lovesearch.gif]
[rennai-ouen.com/uploads/site-image/youbride.png]
[rennai-ouen.com/uploads/site-image/zexy.png]
[rennai-ouen.com/search/comment.html]
[rennai-ouen.com/search/commentc787.html]
[rennai-ouen.com/search/commentb967.html]
[rennai-ouen.com/search/commenteee0.html]
[rennai-ouen.com/search/commentd412.html]
[rennai-ouen.com/search/commentc4d9.html]
[rennai-ouen.com/search/comment7cc3.html]
[rennai-ouen.com/post/riyoukiyaku/index.html]
[rennai-ouen.com/post/cookie/index.html]
[rennai-ouen.com/post/tyousa/index.html]
[rennai-ouen.com/app/pcmax.html]
[rennai-ouen.com/uploads/post/43514efd55172cf16ae573967895f36f-211x300.png]
[rennai-ouen.com/uploads/post/ヲタ友-289x300.png]
[rennai-ouen.com/app/happymail.html]
[rennai-ouen.com/uploads/post/7cf066d05ef69ea5f06ccca7c86921cc-177x300.png]
[rennai-ouen.com/uploads/post/wakuwaku1.png]
[rennai-ouen.com/uploads/post/d2e515d82c3a4d1e17974c7ef3584303-209x300.png]
[rennai-ouen.com/uploads/post/e9f9ce2841b16ececf4b5a7e454d57db-220x300.png]
[rennai-ouen.com/uploads/post/9f1f7b706c3bd45b69af81f721a3172c-194x300.png]
[rennai-ouen.com/app/wakuwakumail.html]
[rennai-ouen.com/uploads/post/2016051011-300x162.jpg]
[rennai-ouen.com/uploads/post/201605107-300x170.jpg]
[rennai-ouen.com/app/yyc.html]
[rennai-ouen.com/uploads/post/h1_pchat_release-300x166.png]
[rennai-ouen.com/uploads/post/ss_popup-300x143.png]
[rennai-ouen.com/app/digicafe.html]
[rennai-ouen.com/official/jmail.html]
[rennai-ouen.com/uploads/post/ぽイント-207x300.html]
[rennai-ouen.com/app/index.html]
[rennai-ouen.com/official/pcmax.html]
[rennai-ouen.com/search/sass.html]
[rennai-ouen.com/search/badges.html]
[rennai-ouen.com/search/collapsible.html]
[rennai-ouen.com/uploads/post/２倍-300x265.png]
[rennai-ouen.com/uploads/post/9dffbbcbb92efe21be3e5f3dc32529dc-281x300.png]
[rennai-ouen.com/uploads/post/cf13a8234b0a6ead22472338e499dd5e.png]
[rennai-ouen.com/uploads/post/b75bf25c52dc8fee334efa2e631b18d2-300x198.png]
[rennai-ouen.com/uploads/post/d86116a669edc4ae745dcf6abecced45-300x249.png]
[rennai-ouen.com/uploads/post/伝言板-300x152.png]
[rennai-ouen.com/app/194964.html]
[rennai-ouen.com/uploads/post/cd99fda0ae71453b6059fd895ad18713-242x300.png]
[rennai-ouen.com/uploads/post/写メ動画-229x300.png]
[rennai-ouen.com/uploads/post/今日の彼氏-221x300.png]
[rennai-ouen.com/uploads/post/アクセス-234x300.png]
[rennai-ouen.com/uploads/post/新人検索-300x251.png]
[rennai-ouen.com/uploads/post/２新人検索-236x300.png]
[rennai-ouen.com/app/merupara.html]
[rennai-ouen.com/uploads/post/ios_login_bonus-169x300.png]
[rennai-ouen.com/uploads/post/ios_modal_first_matching-169x300.png]
[rennai-ouen.com/uploads/post/ios_modal_tutorial-169x300.png]
[rennai-ouen.com/uploads/post/1-300x233.png]
[rennai-ouen.com/uploads/post/2-300x227.png]
[rennai-ouen.com/uploads/post/3-300x195.png]
[rennai-ouen.com/uploads/post/ios_search_2-169x300.png]
[rennai-ouen.com/uploads/post/ios_search_1-169x300.png]
[rennai-ouen.com/uploads/post/ios_search_grid_female-169x300.png]
[rennai-ouen.com/app/pairs.html]
[rennai-ouen.com/uploads/post/ios_community_detail_1-169x300.png]
[rennai-ouen.com/uploads/post/グループ１-280x300.png]
[rennai-ouen.com/uploads/post/グループ２-225x300.png]
[rennai-ouen.com/uploads/post/特別プロフ-188x300.png]
[rennai-ouen.com/uploads/post/プロフ-179x300.png]
[rennai-ouen.com/uploads/post/定額会員-187x300.png]
[rennai-ouen.com/uploads/post/定額料金-273x300.png]
[rennai-ouen.com/uploads/post/シンママ応援キャンペーン-272x300.png]
[rennai-ouen.com/uploads/post/シンママ２-208x300.png]
[rennai-ouen.com/app/marrish.html]
[rennai-ouen.com/uploads/post/73057807debc50c0e78c0b827ca49fb9-300x197.png]
[rennai-ouen.com/uploads/post/857a44804f3e5d13284781a016bf4ef3-300x117.png]
[rennai-ouen.com/app/asobo.html]
[rennai-ouen.com/uploads/post/b5d914d6eb4d8c174999137e0a161750-236x300.png]
[rennai-ouen.com/uploads/post/178d352a3b4389f21a66bb2eff99f180-269x300.png]
[rennai-ouen.com/uploads/post/返金-285x300.png]
[rennai-ouen.com/app/partners.html]
[rennai-ouen.com/uploads/post/コミュ-300x243.png]
[rennai-ouen.com/uploads/post/b0008f31dc5095ee2e6c4660c9227767-259x300.png]
[rennai-ouen.com/app/lovesearch.html]
[rennai-ouen.com/uploads/post/70f9071586497943445464b3355f32e6-212x300.png]
[rennai-ouen.com/app/youbride.html]
[rennai-ouen.com/uploads/post/e2d5cb9161d3cc694176d2b0491c1f86-282x300.png]
[rennai-ouen.com/app/koimusubi.html]
[rennai-ouen.com/search/index.html]
[rennai-ouen.com/post/riyoukiyaku.html]
[rennai-ouen.com/post/about/index.html]
[rennai-ouen.com/post/cookie.html]
[rennai-ouen.com/post/tyousa.html]
[rennai-ouen.com/uploads/post/免許.html]
[rennai-ouen.com/uploads/post/クレカ.html]
[rennai-ouen.com/official/happymail.html]
[rennai-ouen.com/official/wakuwakumail.html]
[rennai-ouen.com/official/yyc.html]
[rennai-ouen.com/official/digicafe.html]
[rennai-ouen.com/uploads/post/でじログ-174x300.html]
[rennai-ouen.com/app.html]
[rennai-ouen.com/official/194964.html]
[rennai-ouen.com/official/merupara.html]
[rennai-ouen.com/uploads/post/ポイント-252x300.html]
[rennai-ouen.com/official/pairs.html]
[rennai-ouen.com/official/marrish.html]
[rennai-ouen.com/official/asobo.html]
[rennai-ouen.com/uploads/post/アバター-300x247.html]
[rennai-ouen.com/official/partners.html]
[rennai-ouen.com/uploads/post/パートナー-243x300.html]
[rennai-ouen.com/uploads/post/カップリング-270x300.html]
[rennai-ouen.com/official/lovesearch.html]
[rennai-ouen.com/official/youbride.html]
[rennai-ouen.com/uploads/post/キャンペーン-300x240.html]
[rennai-ouen.com/uploads/post/コンシェルジュ-229x300.html]
[rennai-ouen.com/official/koimusubi.html]
[rennai-ouen.com/uploads/post/01cbd8400321c2c0d545a9d606549972-290x300.html]
[rennai-ouen.com/search.html]
[rennai-ouen.com/post/index.html]
[rennai-ouen.com/post/about.html]
[rennai-ouen.com/app/sass.html]
[rennai-ouen.com/app/badges.html]
[rennai-ouen.com/app/collapsible.html]
[rennai-ouen.com/app/194964/index.html]
[rennai-ouen.com/app/merupara/index.html]
[rennai-ouen.com/app/pairs/index.html]
[rennai-ouen.com/app/lovesearch/index.html]
[rennai-ouen.com/app/asobo/index.html]
[rennai-ouen.com/app/youbride/index.html]
[rennai-ouen.com/app/partners/index.html]
[rennai-ouen.com/app/koimusubi/index.html]
[rennai-ouen.com/post.html]
[rennai-ouen.com/post/sass.html]
[rennai-ouen.com/post/badges.html]
[rennai-ouen.com/post/collapsible.html]
[rennai-ouen.com/app/marrish/index.html]
